npm notice run npx
npm notice run 'vocs' build
(!) Your Vite config uses features that are unsupported by `configLoader: 'native'`, which is planned to become the default in a future major version of Vite:
  - ESM syntax in a file loaded as CommonJS (vocs.config.ts:1:1). Use a `.mjs` extension or set `"type": "module"` in the closest package.json
  - ESM syntax in a file loaded as CommonJS (vocs.sidebar.ts:4:1). Use a `.mjs` extension or set `"type": "module"` in the closest package.json
Set `VITE_CONFIG_NATIVE_IGNORE_WARNING=true` to suppress this warning.
(!) Your Vite config uses features that are unsupported by `configLoader: 'native'`, which is planned to become the default in a future major version of Vite:
  - ESM syntax in a file loaded as CommonJS (vocs.config.ts:1:1). Use a `.mjs` extension or set `"type": "module"` in the closest package.json
  - ESM syntax in a file loaded as CommonJS (vocs.sidebar.ts:4:1). Use a `.mjs` extension or set `"type": "module"` in the closest package.json
Set `VITE_CONFIG_NATIVE_IGNORE_WARNING=true` to suppress this warning.
(!) Your Vite config uses features that are unsupported by `configLoader: 'native'`, which is planned to become the default in a future major version of Vite:
  - ESM syntax in a file loaded as CommonJS (vocs.config.ts:1:1). Use a `.mjs` extension or set `"type": "module"` in the closest package.json
  - ESM syntax in a file loaded as CommonJS (vocs.sidebar.ts:4:1). Use a `.mjs` extension or set `"type": "module"` in the closest package.json
Set `VITE_CONFIG_NATIVE_IGNORE_WARNING=true` to suppress this warning.
[1/5] analyze client references...
vite v8.3.1 building rsc environment for production...
6:49:34 PM [vocs] Building search index...
transforming...
6:49:34 PM [vocs] Search index built.
✓ 1513 modules transformed.
rendering chunks...
✓ built in 2.19s
[2/5] analyze server references...
vite v8.3.1 building ssr environment for production...
transforming...
✓ 5958 modules transformed.
rendering chunks...
✗ Build failed in 2.02s
node:internal/process/promises:394
    triggerUncaughtException(err, true /* fromPromise */);
    ^

Build failed with 1 error:

Error: [vite]: Rolldown failed to resolve import "virtual:vite-rsc-waku/html-transform" from "/Users/tarassvinar/smart-deployer/docs/node_modules/waku/dist/lib/vite-rsc/ssr.js".
This is most likely unintended because it can break your application at runtime.
If you do want to externalize this module explicitly add it to
`build.rolldownOptions.external`
    at viteLog (file:///Users/tarassvinar/smart-deployer/docs/node_modules/vite/dist/node/chunks/node.js:34538:57)
    at file:///Users/tarassvinar/smart-deployer/docs/node_modules/vite/dist/node/chunks/node.js:34575:71
    at onwarn (file:///Users/tarassvinar/smart-deployer/docs/node_modules/@vitejs/plugin-react/dist/index.js:40:7)
    at file:///Users/tarassvinar/smart-deployer/docs/node_modules/vite/dist/node/chunks/node.js:34575:28
    at onLog (file:///Users/tarassvinar/smart-deployer/docs/node_modules/vocs/dist/internal/vite-plugins.js:49:29)
    at onRollupLog (file:///Users/tarassvinar/smart-deployer/docs/node_modules/vite/dist/node/chunks/node.js:34568:19)
    at onLog (file:///Users/tarassvinar/smart-deployer/docs/node_modules/vite/dist/node/chunks/node.js:34334:4)
    at file:///Users/tarassvinar/smart-deployer/docs/node_modules/rolldown/dist/shared/create-bundler-option-DLv8UpsD.mjs:48:26
    at logger (file:///Users/tarassvinar/smart-deployer/docs/node_modules/rolldown/dist/shared/create-bundler-option-DLv8UpsD.mjs:39:3)
    at aggregateBindingErrorsIntoJsError (file:///Users/tarassvinar/smart-deployer/docs/node_modules/rolldown/dist/shared/error-Bj1xBdEY.mjs:49:18)
    at unwrapBindingResult (file:///Users/tarassvinar/smart-deployer/docs/node_modules/rolldown/dist/shared/error-Bj1xBdEY.mjs:19:128)
    at #build (file:///Users/tarassvinar/smart-deployer/docs/node_modules/rolldown/dist/shared/rolldown-jmAeXo_f.mjs:133:34)
    at async buildEnvironment (file:///Users/tarassvinar/smart-deployer/docs/node_modules/vite/dist/node/chunks/node.js:34445:66)
    at async Object.build (file:///Users/tarassvinar/smart-deployer/docs/node_modules/vite/dist/node/chunks/node.js:34866:19)
    at async buildApp (file:///Users/tarassvinar/smart-deployer/docs/node_modules/@vitejs/plugin-rsc/dist/plugin-CLvIS10V.js:729:3)
    at async BasicMinimalPluginContext.handler (file:///Users/tarassvinar/smart-deployer/docs/node_modules/@vitejs/plugin-rsc/dist/plugin-CLvIS10V.js:856:43)
    at async Object.buildApp (file:///Users/tarassvinar/smart-deployer/docs/node_modules/vite/dist/node/chunks/node.js:34860:5)
    at async CAC.<anonymous> (file:///Users/tarassvinar/smart-deployer/docs/node_modules/vocs/dist/cli.js:49:5) {
  errors: [Getter/Setter]
}

Node.js v24.20.0
